Python 3.6.1 (v3.6.1:69c0db5, Mar 21 2017, 17:54:52) [MSC v.1900 32 bit (Intel)] on win32
Type "copyright", "credits" or "license()" for more information.
>>> val1=40
>>> val2=60
>>> val3=val2-val1
>>> val3=val1-val2
>>> print(val3)
-20
>>> Print("Este é o resultado por que ele pega o ultimo valor armazenado na variavel(val3=40-60=>-20)
      
SyntaxError: EOL while scanning string literal
>>> Print("Este é o resultado por que ele pega o ultimo valor armazenado na variavel(val3=40-60=>-20")
Traceback (most recent call last):
  File "<pyshell#6>", line 1, in <module>
    Print("Este é o resultado por que ele pega o ultimo valor armazenado na variavel(val3=40-60=>-20")
NameError: name 'Print' is not defined
>>> print("Este é o resultado por que ele pega o ultimo valor armazenado na variavel(val3=40-60=>-20)
      
SyntaxError: EOL while scanning string literal
>>> print("Este é o resultado por que ele pega o ultimo valor armazenado na variavel(val3=40-60=>-20")
Este é o resultado por que ele pega o ultimo valor armazenado na variavel(val3=40-60=>-20
>>> 